K-IMARA SOCIETY@K-IMARA MINGW64 ~/Desktop/PLPBasicGitAssignment (master)
$ git push -u origin master
Enumerating objects: 3, done.
Counting objects: 100% (3/3), done.
Writing objects: 100% (3/3), 237 bytes | 237.00 KiB/s, done.
Total 3 (delta 0), reused 0 (delta 0), pack-reused 0
remote:
remote: Create a pull request for 'master' on GitHub by visiting:
remote:      https://github.com/Nicquebablo/PLPBasicGitAssignment/pull/new/master
remote:
To https://github.com/Nicquebablo/PLPBasicGitAssignment.git
 * [new branch]      master -> master
branch 'master' set up to track 'origin/master'.

K-IMARA SOCIETY@K-IMARA MINGW64 ~/Desktop/PLPBasicGitAssignment (master)
$ git push -u origin main
error: src refspec main does not match any
error: failed to push some refs to 'https://github.com/Nicquebablo/PLPBasicGitAssignment.git'

K-IMARA SOCIETY@K-IMARA MINGW64 ~/Desktop/PLPBasicGitAssignment (master)
$ git push -u origin master
Everything up-to-date
branch 'master' set up to track 'origin/master'.

K-IMARA SOCIETY@K-IMARA MINGW64 ~/Desktop/PLPBasicGitAssignment (master)
$ git add hello.txt

K-IMARA SOCIETY@K-IMARA MINGW64 ~/Desktop/PLPBasicGitAssignment (master)
$ git commit -m "Add hello.txt with a greeting"
On branch master
Your branch is up to date with 'origin/master'.

nothing to commit, working tree clean

K-IMARA SOCIETY@K-IMARA MINGW64 ~/Desktop/PLPBasicGitAssignment (master)
$ git push -u origin main
error: src refspec main does not match any
error: failed to push some refs to 'https://github.com/Nicquebablo/PLPBasicGitAssignment.git'

K-IMARA SOCIETY@K-IMARA MINGW64 ~/Desktop/PLPBasicGitAssignment (master)
$ git push -u origin master
Everything up-to-date
branch 'master' set up to track 'origin/master'.

K-IMARA SOCIETY@K-IMARA MINGW64 ~/Desktop/PLPBasicGitAssignment (master)
$
